d:\project\tcd53\tcd53\towercontroller\x64\debug\systemsetting.obj
d:\project\tcd53\tcd53\towercontroller\x64\debug\parkpolicerecord.obj
d:\project\tcd53\tcd53\towercontroller\x64\debug\towercontroller.obj
d:\project\tcd53\tcd53\towercontroller\x64\debug\deviceconnect.obj
d:\project\tcd53\tcd53\towercontroller\x64\debug\helpwidget.obj
d:\project\tcd53\tcd53\towercontroller\x64\debug\anglescalebar.obj
d:\project\tcd53\tcd53\towercontroller\x64\debug\main.obj
d:\project\tcd53\tcd53\towercontroller\x64\debug\streamsetting.obj
d:\project\tcd53\tcd53\towercontroller\x64\debug\imagestore.obj
d:\project\tcd53\tcd53\towercontroller\x64\debug\devicecontrol.obj
d:\project\tcd53\tcd53\towercontroller\x64\debug\vc142.pdb
d:\project\tcd53\tcd53\towercontroller\x64\debug\vc142.idb
d:\project\tcd53\tcd53\towercontroller\x64\debug\qrc_towercontroller.obj
d:\project\tcd53\tcd53\towercontroller\x64\debug\moc_imagestore.obj
d:\project\tcd53\tcd53\towercontroller\x64\debug\moc_towercontroller.obj
d:\project\tcd53\tcd53\towercontroller\x64\debug\moc_anglescalebar.obj
d:\project\tcd53\tcd53\towercontroller\x64\debug\moc_devicecontrol.obj
d:\project\tcd53\tcd53\towercontroller\x64\debug\moc_streamsetting.obj
d:\project\tcd53\tcd53\towercontroller\x64\debug\moc_helpwidget.obj
d:\project\tcd53\tcd53\towercontroller\x64\debug\moc_systemsetting.obj
d:\project\tcd53\tcd53\towercontroller\x64\debug\moc_deviceconnect.obj
d:\project\tcd53\tcd53\towercontroller\x64\debug\qt\moc\moc_towercontroller.cpp
d:\project\tcd53\tcd53\towercontroller\x64\debug\qt\moc\moc_devicecontrol.cpp
d:\project\tcd53\tcd53\towercontroller\x64\debug\qt\moc\moc_deviceconnect.cpp
d:\project\tcd53\tcd53\towercontroller\x64\debug\qt\moc\moc_streamsetting.cpp
d:\project\tcd53\tcd53\towercontroller\x64\debug\qt\moc\moc_helpwidget.cpp
d:\project\tcd53\tcd53\towercontroller\x64\debug\qt\moc\moc_systemsetting.cpp
d:\project\tcd53\tcd53\towercontroller\x64\debug\qt\moc\moc_imagestore.cpp
d:\project\tcd53\tcd53\towercontroller\x64\debug\qt\moc\moc_anglescalebar.cpp
d:\project\tcd53\tcd53\towercontroller\x64\debug\qt\rcc\qrc_towercontroller.cpp
d:\project\tcd53\tcd53\towercontroller\x64\debug\qt\uic\ui_deviceconnect.h
d:\project\tcd53\tcd53\towercontroller\x64\debug\qt\uic\ui_devicecontrol.h
d:\project\tcd53\tcd53\towercontroller\x64\debug\qt\uic\ui_helpwidget.h
d:\project\tcd53\tcd53\towercontroller\x64\debug\qt\uic\ui_imagestore.h
d:\project\tcd53\tcd53\towercontroller\x64\debug\qt\uic\ui_streamsetting.h
d:\project\tcd53\tcd53\towercontroller\x64\debug\qt\uic\ui_systemsetting.h
d:\project\tcd53\tcd53\towercontroller\x64\debug\qt\uic\ui_towercontroller.h
d:\project\tcd53\tcd53\towercontroller\x64\debug\towercontroller.pdb
d:\project\tcd53\tcd53\towercontroller\x64\debug\towercontroller.tlog\cl.command.1.tlog
d:\project\tcd53\tcd53\towercontroller\x64\debug\towercontroller.tlog\cl.read.1.tlog
d:\project\tcd53\tcd53\towercontroller\x64\debug\towercontroller.tlog\cl.write.1.tlog
d:\project\tcd53\tcd53\towercontroller\x64\debug\towercontroller.tlog\link-cvtres.read.1.tlog
d:\project\tcd53\tcd53\towercontroller\x64\debug\towercontroller.tlog\link-cvtres.write.1.tlog
d:\project\tcd53\tcd53\towercontroller\x64\debug\towercontroller.tlog\link-rc.read.1.tlog
d:\project\tcd53\tcd53\towercontroller\x64\debug\towercontroller.tlog\link-rc.write.1.tlog
d:\project\tcd53\tcd53\towercontroller\x64\debug\towercontroller.tlog\link.command.1.tlog
d:\project\tcd53\tcd53\towercontroller\x64\debug\towercontroller.tlog\link.read.1.tlog
d:\project\tcd53\tcd53\towercontroller\x64\debug\towercontroller.tlog\link.write.1.tlog
d:\project\tcd53\tcd53\towercontroller\x64\debug\towercontroller.tlog\moc.read.1u.tlog
d:\project\tcd53\tcd53\towercontroller\x64\debug\towercontroller.tlog\moc.write.1u.tlog
d:\project\tcd53\tcd53\towercontroller\x64\debug\towercontroller.tlog\rcc.read.1u.tlog
d:\project\tcd53\tcd53\towercontroller\x64\debug\towercontroller.tlog\rcc.write.1u.tlog
d:\project\tcd53\tcd53\towercontroller\x64\debug\towercontroller.tlog\towercontroller.write.1u.tlog
d:\project\tcd53\tcd53\towercontroller\x64\debug\towercontroller.tlog\uic.read.1u.tlog
d:\project\tcd53\tcd53\towercontroller\x64\debug\towercontroller.tlog\uic.write.1u.tlog
