d:\temp\tcd53\towercontroller\towercontroller\x64\debug\vc143.pdb
d:\temp\tcd53\towercontroller\towercontroller\x64\debug\vc143.idb
d:\temp\tcd53\towercontroller\towercontroller\x64\debug\qrc_towercontroller.obj
d:\temp\tcd53\towercontroller\towercontroller\x64\debug\imagestore.obj
d:\temp\tcd53\towercontroller\towercontroller\x64\debug\instructlog.obj
d:\temp\tcd53\towercontroller\towercontroller\x64\debug\main.obj
d:\temp\tcd53\towercontroller\towercontroller\x64\debug\ffmpegthread.obj
d:\temp\tcd53\towercontroller\towercontroller\x64\debug\anglescalebar.obj
d:\temp\tcd53\towercontroller\towercontroller\x64\debug\serialmanager.obj
d:\temp\tcd53\towercontroller\towercontroller\x64\debug\imgfile.obj
d:\temp\tcd53\towercontroller\towercontroller\x64\debug\parkpolicerecord.obj
d:\temp\tcd53\towercontroller\towercontroller\x64\debug\streamsetting.obj
d:\temp\tcd53\towercontroller\towercontroller\x64\debug\ffmpegwidget.obj
d:\temp\tcd53\towercontroller\towercontroller\x64\debug\test.obj
d:\temp\tcd53\towercontroller\towercontroller\x64\debug\towercontroller.obj
d:\temp\tcd53\towercontroller\towercontroller\x64\debug\systemsetting.obj
d:\temp\tcd53\towercontroller\towercontroller\x64\debug\deviceconnect.obj
d:\temp\tcd53\towercontroller\towercontroller\x64\debug\devicecontrol.obj
d:\temp\tcd53\towercontroller\towercontroller\x64\debug\instructlogdao.obj
d:\temp\tcd53\towercontroller\towercontroller\x64\debug\recordquery.obj
d:\temp\tcd53\towercontroller\towercontroller\x64\debug\helpwidget.obj
d:\temp\tcd53\towercontroller\towercontroller\x64\debug\moc_anglescalebar.obj
d:\temp\tcd53\towercontroller\towercontroller\x64\debug\moc_streamsetting.obj
d:\temp\tcd53\towercontroller\towercontroller\x64\debug\moc_towercontroller.obj
d:\temp\tcd53\towercontroller\towercontroller\x64\debug\moc_deviceconnect.obj
d:\temp\tcd53\towercontroller\towercontroller\x64\debug\moc_systemsetting.obj
d:\temp\tcd53\towercontroller\towercontroller\x64\debug\moc_serialmanager.obj
d:\temp\tcd53\towercontroller\towercontroller\x64\debug\moc_ffmpegwidget.obj
d:\temp\tcd53\towercontroller\towercontroller\x64\debug\moc_imagestore.obj
d:\temp\tcd53\towercontroller\towercontroller\x64\debug\moc_ffmpegthread.obj
d:\temp\tcd53\towercontroller\towercontroller\x64\debug\moc_recordquery.obj
d:\temp\tcd53\towercontroller\towercontroller\x64\debug\moc_devicecontrol.obj
d:\temp\tcd53\towercontroller\towercontroller\x64\debug\moc_helpwidget.obj
d:\temp\tcd53\towercontroller\x64\debug\towercontroller.exe
d:\temp\tcd53\towercontroller\x64\debug\towercontroller.pdb
d:\temp\tcd53\towercontroller\towercontroller\x64\debug\moc\moc_towercontroller.cpp
d:\temp\tcd53\towercontroller\towercontroller\x64\debug\moc\moc_devicecontrol.cpp
d:\temp\tcd53\towercontroller\towercontroller\x64\debug\moc\moc_deviceconnect.cpp
d:\temp\tcd53\towercontroller\towercontroller\x64\debug\moc\moc_streamsetting.cpp
d:\temp\tcd53\towercontroller\towercontroller\x64\debug\moc\moc_helpwidget.cpp
d:\temp\tcd53\towercontroller\towercontroller\x64\debug\moc\moc_systemsetting.cpp
d:\temp\tcd53\towercontroller\towercontroller\x64\debug\moc\moc_imagestore.cpp
d:\temp\tcd53\towercontroller\towercontroller\x64\debug\moc\moc_anglescalebar.cpp
d:\temp\tcd53\towercontroller\towercontroller\x64\debug\moc\moc_recordquery.cpp
d:\temp\tcd53\towercontroller\towercontroller\x64\debug\moc\moc_ffmpegthread.cpp
d:\temp\tcd53\towercontroller\towercontroller\x64\debug\moc\moc_ffmpegwidget.cpp
d:\temp\tcd53\towercontroller\towercontroller\x64\debug\moc\moc_serialmanager.cpp
d:\temp\tcd53\towercontroller\towercontroller\x64\debug\rcc\qrc_towercontroller.cpp
d:\temp\tcd53\towercontroller\towercontroller\x64\debug\uic\ui_deviceconnect.h
d:\temp\tcd53\towercontroller\towercontroller\x64\debug\uic\ui_devicecontrol.h
d:\temp\tcd53\towercontroller\towercontroller\x64\debug\uic\ui_ffmpegwidget.h
d:\temp\tcd53\towercontroller\towercontroller\x64\debug\uic\ui_helpwidget.h
d:\temp\tcd53\towercontroller\towercontroller\x64\debug\uic\ui_imagestore.h
d:\temp\tcd53\towercontroller\towercontroller\x64\debug\uic\ui_recordquery.h
d:\temp\tcd53\towercontroller\towercontroller\x64\debug\uic\ui_streamsetting.h
d:\temp\tcd53\towercontroller\towercontroller\x64\debug\uic\ui_systemsetting.h
d:\temp\tcd53\towercontroller\towercontroller\x64\debug\uic\ui_towercontroller.h
d:\temp\tcd53\towercontroller\towercontroller\x64\debug\towercontroller.ilk
d:\temp\tcd53\towercontroller\towercontroller\x64\debug\towercontroller.tlog\cl.command.1.tlog
d:\temp\tcd53\towercontroller\towercontroller\x64\debug\towercontroller.tlog\cl.items.tlog
d:\temp\tcd53\towercontroller\towercontroller\x64\debug\towercontroller.tlog\cl.read.1.tlog
d:\temp\tcd53\towercontroller\towercontroller\x64\debug\towercontroller.tlog\cl.write.1.tlog
d:\temp\tcd53\towercontroller\towercontroller\x64\debug\towercontroller.tlog\link.command.1.tlog
d:\temp\tcd53\towercontroller\towercontroller\x64\debug\towercontroller.tlog\link.read.1.tlog
d:\temp\tcd53\towercontroller\towercontroller\x64\debug\towercontroller.tlog\link.secondary.1.tlog
d:\temp\tcd53\towercontroller\towercontroller\x64\debug\towercontroller.tlog\link.write.1.tlog
d:\temp\tcd53\towercontroller\towercontroller\x64\debug\towercontroller.tlog\moc.read.1u.tlog
d:\temp\tcd53\towercontroller\towercontroller\x64\debug\towercontroller.tlog\moc.write.1u.tlog
d:\temp\tcd53\towercontroller\towercontroller\x64\debug\towercontroller.tlog\rcc.read.1u.tlog
d:\temp\tcd53\towercontroller\towercontroller\x64\debug\towercontroller.tlog\rcc.write.1u.tlog
d:\temp\tcd53\towercontroller\towercontroller\x64\debug\towercontroller.tlog\towercontroller.write.1u.tlog
d:\temp\tcd53\towercontroller\towercontroller\x64\debug\towercontroller.tlog\uic.read.1u.tlog
d:\temp\tcd53\towercontroller\towercontroller\x64\debug\towercontroller.tlog\uic.write.1u.tlog
