  AngleScaleBar.cpp
  DeviceConnect.cpp
  DeviceControl.cpp
  FFmpegThread.cpp
D:\ProgEnv\ffmpeg-n4.4.4-89-g25841e4f90-win64-gpl-shared-4.4\include\libavutil\rational.h(1,1): warning C4819: 该文件包含不能在当前代码页(936)中表示的字符。请将该文件保存为 Unicode 格式以防止数据丢失
  (编译源文件“FFmpegThread.cpp”)
  
D:\software\Microsoft Visual Studio\2022\Enterprise\VC\Tools\MSVC\14.39.33519\include\stdint.h(126,1): warning C4005: “INT64_C”: 宏重定义
  (编译源文件“FFmpegThread.cpp”)
  D:\Temp\TCD53\TowerController\ffmpeghead.h(6,1):
  参见“INT64_C”的前一个定义
  
D:\software\Microsoft Visual Studio\2022\Enterprise\VC\Tools\MSVC\14.39.33519\include\stdint.h(131,1): warning C4005: “UINT64_C”: 宏重定义
  (编译源文件“FFmpegThread.cpp”)
  D:\Temp\TCD53\TowerController\ffmpeghead.h(7,1):
  参见“UINT64_C”的前一个定义
  
  FFmpegWidget.cpp
  HelpWidget.cpp
  ImageStore.cpp
  ImgFile.cpp
  InstructLog.cpp
  InstructLogDAO.cpp
  ParkPoliceRecord.cpp
  RecordQuery.cpp
  SerialManager.cpp
  StreamSetting.cpp
  SystemSetting.cpp
  Test.cpp
  TowerController.cpp
  main.cpp
D:\ProgEnv\ffmpeg-n4.4.4-89-g25841e4f90-win64-gpl-shared-4.4\include\libavutil\rational.h(1,1): warning C4819: 该文件包含不能在当前代码页(936)中表示的字符。请将该文件保存为 Unicode 格式以防止数据丢失
  (编译源文件“FFmpegWidget.cpp”)
  
D:\Temp\TCD53\TowerController\DBHelper.h(26,1): warning C4715: “DBHelper::open”: 不是所有的控件路径都返回值
D:\ProgEnv\ffmpeg-n4.4.4-89-g25841e4f90-win64-gpl-shared-4.4\include\libavutil\rational.h(1,1): warning C4819: 该文件包含不能在当前代码页(936)中表示的字符。请将该文件保存为 Unicode 格式以防止数据丢失
  (编译源文件“TowerController.cpp”)
  
D:\ProgEnv\ffmpeg-n4.4.4-89-g25841e4f90-win64-gpl-shared-4.4\include\libavutil\rational.h(1,1): warning C4819: 该文件包含不能在当前代码页(936)中表示的字符。请将该文件保存为 Unicode 格式以防止数据丢失
  (编译源文件“main.cpp”)
  
  qrc_TowerController.cpp
  moc_TowerController.cpp
  moc_DeviceControl.cpp
  moc_DeviceConnect.cpp
  moc_StreamSetting.cpp
  moc_HelpWidget.cpp
  moc_SystemSetting.cpp
  moc_ImageStore.cpp
  moc_AngleScaleBar.cpp
  moc_RecordQuery.cpp
  moc_FFmpegThread.cpp
  moc_FFmpegWidget.cpp
  moc_SerialManager.cpp
D:\ProgEnv\ffmpeg-n4.4.4-89-g25841e4f90-win64-gpl-shared-4.4\include\libavutil\rational.h(1,1): warning C4819: 该文件包含不能在当前代码页(936)中表示的字符。请将该文件保存为 Unicode 格式以防止数据丢失
  (编译源文件“TowerController/x64/Debug/moc/moc_FFmpegThread.cpp”)
  
D:\ProgEnv\ffmpeg-n4.4.4-89-g25841e4f90-win64-gpl-shared-4.4\include\libavutil\rational.h(1,1): warning C4819: 该文件包含不能在当前代码页(936)中表示的字符。请将该文件保存为 Unicode 格式以防止数据丢失
  (编译源文件“TowerController/x64/Debug/moc/moc_TowerController.cpp”)
  
D:\ProgEnv\ffmpeg-n4.4.4-89-g25841e4f90-win64-gpl-shared-4.4\include\libavutil\rational.h(1,1): warning C4819: 该文件包含不能在当前代码页(936)中表示的字符。请将该文件保存为 Unicode 格式以防止数据丢失
  (编译源文件“TowerController/x64/Debug/moc/moc_FFmpegWidget.cpp”)
  
  TowerController.vcxproj -> D:\Temp\TCD53\TowerController\x64\Debug\TowerController.exe
