d:\temp\tcd53\carf\carf\x64\debug\uic\ui_carf.h
d:\temp\tcd53\carf\carf\x64\debug\uic\ui_orderlog.h
d:\temp\tcd53\carf\carf\x64\debug\uic\ui_picturesave.h
d:\temp\tcd53\carf\carf\x64\debug\uic\ui_qtwidgetsclass.h
d:\temp\tcd53\carf\carf\x64\debug\uic\ui_systemsetting.h
d:\temp\tcd53\carf\carf\x64\debug\uic\ui_videowindow.h
d:\temp\tcd53\carf\carf\x64\debug\rcc\qrc_carf.cpp
d:\temp\tcd53\carf\carf\x64\debug\moc\moc_carf.cpp
d:\temp\tcd53\carf\carf\x64\debug\moc\moc_systemsetting.cpp
d:\temp\tcd53\carf\carf\x64\debug\moc\moc_orderlog.cpp
d:\temp\tcd53\carf\carf\x64\debug\moc\moc_picturesave.cpp
d:\temp\tcd53\carf\carf\x64\debug\moc\moc_camerakjg.cpp
d:\temp\tcd53\carf\carf\x64\debug\moc\moc_echoserver.cpp
d:\temp\tcd53\carf\carf\x64\debug\moc\moc_qtwidgetsclass.cpp
d:\temp\tcd53\carf\carf\x64\debug\moc\moc_videothread.cpp
d:\temp\tcd53\carf\carf\x64\debug\moc\moc_videowindow.cpp
d:\temp\tcd53\carf\carf\x64\debug\moc\moc_serialmanager.cpp
d:\temp\tcd53\carf\x64\debug\carf.pdb
d:\temp\tcd53\carf\x64\debug\carf.exe
d:\temp\tcd53\carf\x64\debug\carf.bsc
d:\temp\tcd53\carf\carf\x64\debug\carf.tlog\carf.write.1u.tlog
d:\temp\tcd53\carf\carf\x64\debug\carf.tlog\moc.read.1u.tlog
d:\temp\tcd53\carf\carf\x64\debug\carf.tlog\moc.write.1u.tlog
d:\temp\tcd53\carf\carf\x64\debug\carf.tlog\rcc.read.1u.tlog
d:\temp\tcd53\carf\carf\x64\debug\carf.tlog\rcc.write.1u.tlog
d:\temp\tcd53\carf\carf\x64\debug\carf.tlog\uic.read.1u.tlog
d:\temp\tcd53\carf\carf\x64\debug\carf.tlog\uic.write.1u.tlog
