d:\project\carf\x64\debug\qt\uic\ui_carf.h
d:\project\carf\x64\debug\qt\uic\ui_orderlog.h
d:\project\carf\x64\debug\qt\uic\ui_picturesave.h
d:\project\carf\x64\debug\qt\uic\ui_systemsetting.h
d:\project\carf\x64\debug\qt\rcc\qrc_carf.cpp
d:\project\carf\x64\debug\qt\moc\moc_carf.cpp
d:\project\carf\x64\debug\qt\moc\moc_systemsetting.cpp
d:\project\carf\x64\debug\qt\moc\moc_orderlog.cpp
d:\project\carf\x64\debug\qt\moc\moc_picturesave.cpp
d:\project\carf\x64\debug\vc142.pdb
d:\project\carf\x64\debug\vc142.idb
d:\project\carf\x64\debug\qrc_carf.obj
d:\project\carf\x64\debug\main.obj
d:\project\carf\x64\debug\picturesave.obj
d:\project\carf\x64\debug\carf.obj
d:\project\carf\x64\debug\systemsetting.obj
d:\project\carf\x64\debug\orderlog.obj
d:\project\carf\x64\debug\moc_orderlog.obj
d:\project\carf\x64\debug\moc_systemsetting.obj
d:\project\carf\x64\debug\moc_carf.obj
d:\project\carf\x64\debug\moc_picturesave.obj
d:\project\carf\x64\debug\carf.exe
d:\project\carf\x64\debug\carf.ilk
d:\project\carf\x64\debug\carf.pdb
d:\project\carf\x64\debug\carf.tlog\carf.write.1u.tlog
d:\project\carf\x64\debug\carf.tlog\cl.command.1.tlog
d:\project\carf\x64\debug\carf.tlog\cl.read.1.tlog
d:\project\carf\x64\debug\carf.tlog\cl.write.1.tlog
d:\project\carf\x64\debug\carf.tlog\link.command.1.tlog
d:\project\carf\x64\debug\carf.tlog\link.read.1.tlog
d:\project\carf\x64\debug\carf.tlog\link.write.1.tlog
d:\project\carf\x64\debug\carf.tlog\moc.read.1u.tlog
d:\project\carf\x64\debug\carf.tlog\moc.write.1u.tlog
d:\project\carf\x64\debug\carf.tlog\rcc.read.1u.tlog
d:\project\carf\x64\debug\carf.tlog\rcc.write.1u.tlog
d:\project\carf\x64\debug\carf.tlog\uic.read.1u.tlog
d:\project\carf\x64\debug\carf.tlog\uic.write.1u.tlog
